// Jest Snapshot v1, https://goo.gl/fbAQLP

exports[`ColumnResizer renders with only a width 1`] = `
<div
  data-mock="DraggableCore"
>
  <div
    aria-orientation="vertical"
    className="hig__table__column-resizer hig--light-theme"
    onClick={[Function]}
    role="separator"
    style={
      Object {
        "borderRightWidth": 50,
      }
    }
  />
</div>
`;
