// Jest Snapshot v1, https://goo.gl/fbAQLP

exports[`project-account-switcher/presenters/ProjectAccountSwitcherPresenter  1`] = `null`;

exports[`project-account-switcher/presenters/ProjectAccountSwitcherPresenter  2`] = `
<div
  className="hig__project-account-switcher__target"
  onClick={[Function]}
  onKeyDown={[Function]}
  role="button"
  tabIndex="0"
>
  <div
    className="hig__project-account-switcher__target__item hig__project-account-switcher__item"
  >
    <span
      className="hig__project-account-switcher__item__image-wrapper"
    >
      <img
        alt="Foo"
        className="hig__project-account-switcher__item__image"
        src=""
      />
      <span
        className="hig__project-account-switcher__item__image-placeholder"
      >
        A1/P2
      </span>
    </span>
    <span
      className="hig__project-account-switcher__item__label"
    >
      Foo
    </span>
  </div>
  <div
    className="hig__project-account-switcher__target__caret"
  >
    <div
      className="hig__icon hig__icon--24-size"
      dangerouslySetInnerHTML={
        Object {
          "__html": "<svg width=\\"10\\" height=\\"6\\" viewBox=\\"0 0 10 6\\" xmlns=\\"http://www.w3.org/2000/svg\\" role=\\"img\\" title=\\"caret-24\\"><polyline transform=\\"rotate(45 9.828 3)\\" points=\\"8 2 8 8 2 8\\" stroke=\\"#2E4258\\" stroke-width=\\"1.15\\" fill=\\"none\\" fill-rule=\\"evenodd\\" stroke-linecap=\\"round\\" stroke-linejoin=\\"round\\"/></svg>",
        }
      }
    />
  </div>
</div>
`;
