// Jest Snapshot v1, https://goo.gl/fbAQLP

exports[`side-nav/Module snapshot tests renders without props 1`] = `
<div
  className="hig--light-theme hig__side-nav__module"
  onMouseOver={[Function]}
>
  <div
    className="hig__side-nav__module__row"
  >
    <a
      className="hig--light-theme hig__side-nav__module__link"
      href={undefined}
      onClick={[Function]}
      target="_self"
    >
      <div
        className="hig__side-nav__module__link__icon"
      />
      <div
        className="hig__side-nav__module__link__title"
      />
      <div
        className="hig__side-nav__module__link__external-link-icon"
      />
    </a>
  </div>
  <div
    className="hig__side-nav__module__submodules hig__side-nav__module__submodules--no-icon"
  />
</div>
`;
