// Jest Snapshot v1, https://goo.gl/fbAQLP

exports[`IconButtonPresenter renders correctly 1`] = `
.emotion-1 {
  border: 2px solid transparent;
  display: inline-block;
  position: relative;
  cursor: pointer;
  box-sizing: border-box;
  border-radius: 2px;
  padding: 0;
  height: calc(20px + (8px * 2));
  line-height: calc(20px + (8px * 2));
  width: calc(20px + (8px * 2));
  outline: 0;
  -webkit-transition-property: box-shadow,background-color;
  transition-property: box-shadow,background-color;
  -webkit-transition-duration: 0.3s,0.3s;
  transition-duration: 0.3s,0.3s;
  box-shadow: none;
  background-color: transparent;
}

.emotion-1 svg * {
  fill: #808080;
  -webkit-transition-duration: 0.3s;
  transition-duration: 0.3s;
  -webkit-transition-property: fill;
  transition-property: fill;
}

.emotion-0 {
  fill: #808080;
  position: absolute;
  left: 0;
  right: 0;
  margin: 0 auto;
  top: 50%;
  -webkit-transform: translateY(-50%);
  -ms-transform: translateY(-50%);
  transform: translateY(-50%);
  pointer-events: none;
}

.emotion-0 > * {
  fill: #808080;
}

<button
  className="emotion-1"
  onBlur={undefined}
  onClick={undefined}
  onFocus={undefined}
  onMouseDown={undefined}
  onMouseEnter={undefined}
  onMouseLeave={undefined}
  onMouseUp={undefined}
  title="Settings"
>
  <svg
    className="emotion-0"
    height="24px"
    viewBox="0 0 24 24"
    width="24px"
    xmlns="http://www.w3.org/2000/svg"
  >
    <title>
      settings-24
    </title>
    <path
      d="M21.94 10.85a1 1 0 0 0-.86-1l-1.74-.24-.47-1.13 1.06-1.4a1 1 0 0 0-.09-1.31l-1.63-1.61a1 1 0 0 0-1.31-.08l-1.39 1.06-1.15-.48-.24-1.76a1 1 0 0 0-1-.86h-2.28a1 1 0 0 0-1 .87l-.22 1.76-1.12.47-1.42-1.08a1 1 0 0 0-1.31.09L4.15 5.78a1 1 0 0 0-.08 1.31l1.07 1.4-.48 1.14-1.76.24a1 1 0 0 0-.87 1v2.29a1 1 0 0 0 .86 1l1.77.24.47 1.11-1.08 1.4a1 1 0 0 0 .09 1.32l1.62 1.61a1 1 0 0 0 1.31.09l1.41-1.07 1.13.47.24 1.77a1 1 0 0 0 1 .86h2.29a1 1 0 0 0 1-.87l.23-1.74 1.14-.48 1.4 1.07a1 1 0 0 0 1.32-.09l1.61-1.62a1 1 0 0 0 .09-1.31l-1.06-1.39.48-1.15 1.75-.24a1 1 0 0 0 .86-1zm-3.31 2.62l-.92 2.2 1.41 1.85-1.61 1.62-1.86-1.42-2.21.92-.31 2.36h-2.29l-.32-2.33-2.18-.91-1.87 1.37-1.62-1.61 1.43-1.87-.91-2.18L3 13.15v-2.29l2.33-.31.92-2.2-1.39-1.87 1.61-1.62 1.88 1.42 2.19-.91.3-2.37h2.29l.32 2.32 2.21.92 1.84-1.41 1.62 1.61-1.4 1.91.92 2.19 2.31.31v2.29z"
    />
    <path
      d="M12 8a4 4 0 1 0 4 4 4 4 0 0 0-4-4zm0 7a3 3 0 1 1 3-3 3 3 0 0 1-3 3z"
    />
  </svg>
</button>
`;

exports[`IconButtonPresenter renders correctly with a link 1`] = `
.emotion-1 {
  border: 2px solid transparent;
  display: inline-block;
  position: relative;
  cursor: pointer;
  box-sizing: border-box;
  border-radius: 2px;
  padding: 0;
  height: calc(20px + (8px * 2));
  line-height: calc(20px + (8px * 2));
  width: calc(20px + (8px * 2));
  outline: 0;
  -webkit-transition-property: box-shadow,background-color;
  transition-property: box-shadow,background-color;
  -webkit-transition-duration: 0.3s,0.3s;
  transition-duration: 0.3s,0.3s;
  box-shadow: none;
  background-color: transparent;
}

.emotion-1 svg * {
  fill: #808080;
  -webkit-transition-duration: 0.3s;
  transition-duration: 0.3s;
  -webkit-transition-property: fill;
  transition-property: fill;
}

.emotion-0 {
  fill: #808080;
  position: absolute;
  left: 0;
  right: 0;
  margin: 0 auto;
  top: 50%;
  -webkit-transform: translateY(-50%);
  -ms-transform: translateY(-50%);
  transform: translateY(-50%);
  pointer-events: none;
}

.emotion-0 > * {
  fill: #808080;
}

<a
  className="emotion-1"
  href="//example.com"
  onBlur={undefined}
  onClick={undefined}
  onFocus={undefined}
  onMouseDown={undefined}
  onMouseEnter={undefined}
  onMouseLeave={undefined}
  onMouseUp={undefined}
  tabIndex="0"
  title="Settings"
>
  <svg
    className="emotion-0"
    height="24px"
    viewBox="0 0 24 24"
    width="24px"
    xmlns="http://www.w3.org/2000/svg"
  >
    <title>
      settings-24
    </title>
    <path
      d="M21.94 10.85a1 1 0 0 0-.86-1l-1.74-.24-.47-1.13 1.06-1.4a1 1 0 0 0-.09-1.31l-1.63-1.61a1 1 0 0 0-1.31-.08l-1.39 1.06-1.15-.48-.24-1.76a1 1 0 0 0-1-.86h-2.28a1 1 0 0 0-1 .87l-.22 1.76-1.12.47-1.42-1.08a1 1 0 0 0-1.31.09L4.15 5.78a1 1 0 0 0-.08 1.31l1.07 1.4-.48 1.14-1.76.24a1 1 0 0 0-.87 1v2.29a1 1 0 0 0 .86 1l1.77.24.47 1.11-1.08 1.4a1 1 0 0 0 .09 1.32l1.62 1.61a1 1 0 0 0 1.31.09l1.41-1.07 1.13.47.24 1.77a1 1 0 0 0 1 .86h2.29a1 1 0 0 0 1-.87l.23-1.74 1.14-.48 1.4 1.07a1 1 0 0 0 1.32-.09l1.61-1.62a1 1 0 0 0 .09-1.31l-1.06-1.39.48-1.15 1.75-.24a1 1 0 0 0 .86-1zm-3.31 2.62l-.92 2.2 1.41 1.85-1.61 1.62-1.86-1.42-2.21.92-.31 2.36h-2.29l-.32-2.33-2.18-.91-1.87 1.37-1.62-1.61 1.43-1.87-.91-2.18L3 13.15v-2.29l2.33-.31.92-2.2-1.39-1.87 1.61-1.62 1.88 1.42 2.19-.91.3-2.37h2.29l.32 2.32 2.21.92 1.84-1.41 1.62 1.61-1.4 1.91.92 2.19 2.31.31v2.29z"
    />
    <path
      d="M12 8a4 4 0 1 0 4 4 4 4 0 0 0-4-4zm0 7a3 3 0 1 1 3-3 3 3 0 0 1-3 3z"
    />
  </svg>
</a>
`;
