// Jest Snapshot v1, https://goo.gl/fbAQLP

exports[`modal/presenters/ModalPresenter  1`] = `
.emotion-0 {
  color: #3c3c3c;
  display: block;
  font-family: ArtifaktElement,sans-serif;
  font-size: 14px;
  font-weight: 400;
  line-height: 1.428571429;
  margin: 0;
  text-align: initial;
}

.emotion-1 {
  fill: #808080;
}

.emotion-1 > * {
  fill: #808080;
}

<header
  className="emotion-2"
  id={undefined}
>
  <div
    className="emotion-2"
  >
    <p
      className="emotion-0"
      style={
        Object {
          "fontSize": undefined,
          "lineHeight": undefined,
        }
      }
    />
    <button
      className="hig__icon-button hig__icon-button--primary"
      onBlur={undefined}
      onClick={undefined}
      onFocus={undefined}
      onMouseEnter={undefined}
      onMouseLeave={undefined}
      title="Close"
    >
      <svg
        className="emotion-1 hig__icon-button__icon"
        height="16px"
        viewBox="0 0 16 16"
        width="16px"
        xmlns="http://www.w3.org/2000/svg"
      >
        <title>
          close-m
        </title>
        <path
          d="M14.4 2.4l-.8-.8L8 7.3 2.4 1.6l-.8.8L7.3 8l-5.7 5.6.8.8L8 8.7l5.6 5.7.8-.8L8.7 8l5.7-5.6z"
        />
      </svg>
    </button>
  </div>
</header>
`;

exports[`modal/presenters/ModalPresenter  2`] = `
.emotion-0 {
  background-color: aliceblue;
}

<header
  className="emotion-0"
  id={undefined}
>
  <p>
    Body
  </p>
</header>
`;

exports[`modal/presenters/ModalPresenter  3`] = `
.emotion-0 {
  background-color: aliceblue;
}

<header
  className="emotion-0"
  id={undefined}
>
  <p>
    Body
  </p>
</header>
`;
