// Jest Snapshot v1, https://goo.gl/fbAQLP

exports[`Help renders help  1`] = `
"<div class=\\"hig__global-nav\\">
    <!--SIDENAV-->
    <div class=\\"hig__global-nav__container\\">
        <div class=\\"hig__global-nav__top-nav\\">
  <div class=\\"hig__global-nav__top-nav__group hig__global-nav__top-nav__group--left\\">
    <div class=\\"hig__global-nav__top-nav__hamburger\\">
      <div class=\\"hig__global-nav__top-nav__hamburger__hamburgericon\\"><div class=\\"hig__icon\\"><svg width=\\"16\\" height=\\"12\\" viewBox=\\"0 0 16 12\\" xmlns=\\"http://www.w3.org/2000/svg\\" role=\\"img\\" title=\\"hamburger\\"><g transform=\\"translate(-4 -6)\\" fill=\\"#353636\\" fill-rule=\\"evenodd\\"><rect x=\\"4\\" y=\\"6\\" width=\\"16\\" height=\\"2\\"></rect><rect x=\\"4\\" y=\\"11\\" width=\\"16\\" height=\\"2\\"></rect><rect x=\\"4\\" y=\\"16\\" width=\\"16\\" height=\\"2\\"></rect></g></svg></div></div>
      <div class=\\"hig__global-nav__top-nav__hamburger__closeicon\\"><div class=\\"hig__icon\\"><svg width=\\"18\\" height=\\"18\\" viewBox=\\"0 0 18 18\\" xmlns=\\"http://www.w3.org/2000/svg\\" role=\\"img\\" title=\\"close-hamburger\\"><g stroke=\\"#0A131C\\" stroke-width=\\"2\\" fill=\\"none\\" fill-rule=\\"evenodd\\" stroke-linecap=\\"square\\"><path d=\\"M18.754628,5.24537196 L5.24537196,18.754628\\" transform=\\"translate(-3 -3)\\"></path><path d=\\"M5.24537196,5.24537196 L18.754628,18.754628\\" transform=\\"translate(-3 -3)\\"></path></g></svg></div></div>
    </div>
    <div class=\\"hig__global-nav__top-nav__logo\\">
      <a>
        <img src=\\"\\">
      </a>
    </div>
  </div>
  <!--SEARCH-->
  <div class=\\"hig__global-nav__top-nav__spacer\\"></div>
  <!--PROJECT_ACCOUNT_SWITCHER-->
  <div class=\\"hig__global-nav__top-nav__group hig__global-nav__top-nav__group--right\\">
  <div class=\\"hig__global-nav__top-nav__shortcut\\">
  <a href=\\"#\\" title=\\"\\" class=\\"hig__global-nav__top-nav__shortcut__link\\">
    <div class=\\"hig__global-nav__top-nav__shortcut__link__icon hig__global-nav__top-nav__shortcut__link__icon--help\\"><div class=\\"hig__icon\\"><svg xmlns=\\"http://www.w3.org/2000/svg\\" width=\\"24\\" height=\\"24\\" viewBox=\\"0 0 24 24\\" role=\\"img\\" title=\\"help\\"><title>help-24</title><g fill=\\"#2e4258\\"><path d=\\"M12,22A10,10,0,1,1,22,12,10,10,0,0,1,12,22ZM12,3a9,9,0,1,0,9,9A9,9,0,0,0,12,3Z\\"></path><path d=\\"M12.35,6.33A3.15,3.15,0,0,0,9,9.23l0,.24,1.49.32,0-.25c.23-1.19.83-1.77,1.83-1.77a1.78,1.78,0,0,1,1.15.38,1.2,1.2,0,0,1,.46,1,1.46,1.46,0,0,1-.48,1.08,6.25,6.25,0,0,1-.8.51,3.93,3.93,0,0,0-.77.5,1.57,1.57,0,0,0-.32.48,1.81,1.81,0,0,0-.17.6c0,.19-.08,1.44-.08,2.15v.25h1.5V12.89a.93.93,0,0,1,.12-.55,2.75,2.75,0,0,1,.83-.55,2.92,2.92,0,0,0,1.85-2.61,2.65,2.65,0,0,0-.91-2.06A3.38,3.38,0,0,0,12.35,6.33Z\\"></path><rect x=\\"10.95\\" y=\\"16\\" width=\\"2.1\\" height=\\"2.1\\" rx=\\".79\\" ry=\\".79\\"></rect></g></svg></div></div>
  </a>
</div><!--SHORTCUT-->
  </div>
  <!--PROFILE-->
</div><!--TOPNAV-->
        <!--SUBNAV-->
        <div class=\\"hig__global-nav__slot\\">
            <!--SLOT-->
        </div>
    </div>
</div>"
`;

exports[`Help setting and updating props 1`] = `
"<div class=\\"hig__global-nav\\">
    <!--SIDENAV-->
    <div class=\\"hig__global-nav__container\\">
        <div class=\\"hig__global-nav__top-nav\\">
  <div class=\\"hig__global-nav__top-nav__group hig__global-nav__top-nav__group--left\\">
    <div class=\\"hig__global-nav__top-nav__hamburger\\">
      <div class=\\"hig__global-nav__top-nav__hamburger__hamburgericon\\"><div class=\\"hig__icon\\"><svg width=\\"16\\" height=\\"12\\" viewBox=\\"0 0 16 12\\" xmlns=\\"http://www.w3.org/2000/svg\\" role=\\"img\\" title=\\"hamburger\\"><g transform=\\"translate(-4 -6)\\" fill=\\"#353636\\" fill-rule=\\"evenodd\\"><rect x=\\"4\\" y=\\"6\\" width=\\"16\\" height=\\"2\\"></rect><rect x=\\"4\\" y=\\"11\\" width=\\"16\\" height=\\"2\\"></rect><rect x=\\"4\\" y=\\"16\\" width=\\"16\\" height=\\"2\\"></rect></g></svg></div></div>
      <div class=\\"hig__global-nav__top-nav__hamburger__closeicon\\"><div class=\\"hig__icon\\"><svg width=\\"18\\" height=\\"18\\" viewBox=\\"0 0 18 18\\" xmlns=\\"http://www.w3.org/2000/svg\\" role=\\"img\\" title=\\"close-hamburger\\"><g stroke=\\"#0A131C\\" stroke-width=\\"2\\" fill=\\"none\\" fill-rule=\\"evenodd\\" stroke-linecap=\\"square\\"><path d=\\"M18.754628,5.24537196 L5.24537196,18.754628\\" transform=\\"translate(-3 -3)\\"></path><path d=\\"M5.24537196,5.24537196 L18.754628,18.754628\\" transform=\\"translate(-3 -3)\\"></path></g></svg></div></div>
    </div>
    <div class=\\"hig__global-nav__top-nav__logo\\">
      <a>
        <img src=\\"\\">
      </a>
    </div>
  </div>
  <!--SEARCH-->
  <div class=\\"hig__global-nav__top-nav__spacer\\"></div>
  <!--PROJECT_ACCOUNT_SWITCHER-->
  <div class=\\"hig__global-nav__top-nav__group hig__global-nav__top-nav__group--right\\">
  <div class=\\"hig__global-nav__top-nav__shortcut\\" title=\\"newTest\\" href=\\"newTestLink\\">newTest</div><!--SHORTCUT-->
  </div>
  <!--PROFILE-->
</div><!--TOPNAV-->
        <!--SUBNAV-->
        <div class=\\"hig__global-nav__slot\\">
            <!--SLOT-->
        </div>
    </div>
</div>"
`;
