// Jest Snapshot v1, https://goo.gl/fbAQLP

exports[`project-account-switcher/ProjectAccountSwitcher integration renders correctly 1`] = `
<div
  className="project-account-switcher"
  onClick={[Function]}
  role="button"
  tabIndex="0"
>
  <div
    className="hig__flyout-v1 hig__flyout-v1--exited hig__flyout-v1--top-right"
  >
    <div
      className="hig__flyout-v1__action"
    >
      <div
        className="project-account-switcher__target"
        onClick={[Function]}
      >
        <div
          className="project-account-switcher__item"
        >
          <span
            className="project-account-switcher__item__image-wrapper"
          >
            <img
              alt="Account 1 / Project 2"
              className="project-account-switcher__item__image"
              src=""
            />
            <span
              className="project-account-switcher__item__image-placeholder"
            >
              A1/P2
            </span>
          </span>
          <span
            className="project-account-switcher__item__label"
          >
            Account 1 / Project 2
          </span>
        </div>
        <span
          className="project-account-switcher__target__caret"
        >
          <div
            className="hig__icon hig__icon--24-size"
            dangerouslySetInnerHTML={
              Object {
                "__html": "<svg width=\\"10\\" height=\\"6\\" viewBox=\\"0 0 10 6\\" xmlns=\\"http://www.w3.org/2000/svg\\" role=\\"img\\" title=\\"caret-24\\"><polyline transform=\\"rotate(45 9.828 3)\\" points=\\"8 2 8 8 2 8\\" stroke=\\"#2E4258\\" stroke-width=\\"1.15\\" fill=\\"none\\" fill-rule=\\"evenodd\\" stroke-linecap=\\"round\\" stroke-linejoin=\\"round\\"/></svg>",
              }
            }
          />
        </span>
      </div>
    </div>
    <div
      className="hig__flyout-v1__container"
      style={
        Object {
          "left": undefined,
          "top": undefined,
        }
      }
    >
      <div
        aria-hidden="true"
        className="hig__flyout-v1__chevron"
        role="presentation"
      />
      <div
        aria-hidden="true"
        className="hig__flyout-v1__chevron-cover"
        role="presentation"
      />
      <div
        className="hig__flyout-v1__panel-container"
        style={
          Object {
            "maxHeight": undefined,
          }
        }
      >
        <div
          className="hig__flyout-v1__panel-container__inner"
        >
          <div
            className="project-account-switcher--custom-width-and-padding"
          >
            <div
              className="project-account-switcher__lists"
            >
              <ul
                className="project-account-switcher__list"
              >
                <span
                  className="project-account-switcher__list__title"
                >
                  Accounts
                </span>
                <li
                  className="project-account-switcher__item project-account-switcher__item--account project-account-switcher__item--active"
                  data-account-id="1"
                  onClick={[Function]}
                  role="menuitem"
                  tabIndex="0"
                >
                  <span
                    className="project-account-switcher__item__image-wrapper"
                  >
                    <span
                      className="project-account-switcher__item__image-placeholder"
                      data-account-id="1"
                    >
                      A1
                    </span>
                  </span>
                  <span
                    className="project-account-switcher__item__label"
                    data-account-id="1"
                  >
                    Account 1
                  </span>
                </li>
                <li
                  className="project-account-switcher__item project-account-switcher__item--account project-account-switcher__item--active"
                  data-account-id="2"
                  onClick={[Function]}
                  role="menuitem"
                  tabIndex="0"
                >
                  <span
                    className="project-account-switcher__item__image-wrapper"
                  >
                    <span
                      className="project-account-switcher__item__image-placeholder"
                      data-account-id="2"
                    >
                      A2
                    </span>
                  </span>
                  <span
                    className="project-account-switcher__item__label"
                    data-account-id="2"
                  >
                    Account 2
                  </span>
                </li>
              </ul>
              <ul
                className="project-account-switcher__list"
              >
                <span
                  className="project-account-switcher__list__title"
                >
                  Projects
                </span>
                <li
                  className="project-account-switcher__item project-account-switcher__item--project project-account-switcher__item--active"
                  data-project-id="1"
                  onClick={[Function]}
                  role="menuitem"
                  tabIndex="0"
                >
                  <span
                    className="project-account-switcher__item__image-wrapper"
                  >
                    <span
                      className="project-account-switcher__item__image-placeholder"
                      data-project-id="1"
                    >
                      P1
                    </span>
                  </span>
                  <span
                    className="project-account-switcher__item__label"
                    data-project-id="1"
                  >
                    Project 1
                  </span>
                </li>
                <li
                  className="project-account-switcher__item project-account-switcher__item--project project-account-switcher__item--active"
                  data-project-id="2"
                  onClick={[Function]}
                  role="menuitem"
                  tabIndex="0"
                >
                  <span
                    className="project-account-switcher__item__image-wrapper"
                  >
                    <span
                      className="project-account-switcher__item__image-placeholder"
                      data-project-id="2"
                    >
                      P2
                    </span>
                  </span>
                  <span
                    className="project-account-switcher__item__label"
                    data-project-id="2"
                  >
                    Project 2
                  </span>
                </li>
              </ul>
            </div>
          </div>
        </div>
      </div>
    </div>
  </div>
</div>
`;
