// Jest Snapshot v1, https://goo.gl/fbAQLP

exports[`checkbox/Checkbox integration renders correctly 1`] = `
.emotion-6 {
  box-sizing: border-box;
  display: inline-block;
  position: relative;
  height: 16px;
  width: 16px;
}

.emotion-0 {
  opacity: 0;
  position: absolute;
  width: 100%;
  height: 100%;
  top: 0;
  left: 0;
  z-index: 1;
  padding: 0;
  margin: 0;
}

.emotion-5 {
  position: relative;
  display: block;
  box-sizing: border-box;
  color: transparent;
  border: 1px solid rgba(190,200,210,0.5);
  background-color: #ffffff;
  text-align: center;
  font-size: 25px;
  line-height: 14px;
  height: 16px;
  width: 16px;
  border-radius: 3px;
  cursor: default;
}

.emotion-5 svg {
  position: absolute;
  left: 50%;
  top: 50%;
  -webkit-transform: translateX(-50%) translateY(-50%);
  -ms-transform: translateX(-50%) translateY(-50%);
  transform: translateX(-50%) translateY(-50%);
}

.emotion-5 svg * {
  fill: #ffffff;
}

.emotion-2 {
  display: none;
}

.emotion-1 {
  fill: #808080;
}

.emotion-1 > * {
  fill: #808080;
}

<div
  className="emotion-6"
>
  <input
    checked={false}
    className="emotion-0"
    disabled={false}
    label="HIG Checkbox"
    name="checkbox"
    onBlur={[Function]}
    onChange={[Function]}
    onClick={undefined}
    onFocus={[Function]}
    onMouseDown={[Function]}
    onMouseEnter={[Function]}
    onMouseLeave={[Function]}
    onMouseUp={[Function]}
    type="checkbox"
    value="value"
  />
  <span
    className="emotion-5"
  >
    <span
      className="emotion-2"
    >
      <svg
        className="emotion-1"
        height="16px"
        viewBox="0 0 16 16"
        width="16px"
        xmlns="http://www.w3.org/2000/svg"
      >
        <path
          d="M6.2 12L2 8.1l1.3-1.3 2.9 2.7L12.7 3 14 4.3z"
        />
      </svg>
    </span>
    <span
      className="emotion-2"
    >
      <svg
        className="emotion-1"
        height="2px"
        viewBox="0 0 8 2"
        width="8px"
        xmlns="http://www.w3.org/2000/svg"
      >
        <title>
          Rectangle 11
        </title>
        <path
          d="M0 0h8v2H0z"
          fill="#FFF"
          fillRule="evenodd"
        />
      </svg>
    </span>
  </span>
</div>
`;
