// Jest Snapshot v1, https://goo.gl/fbAQLP

exports[`banner/Banner snapshot tests renders with no props 1`] = `
.emotion-8 {
  background-color: #ffffff;
}

.emotion-7 {
  display: -webkit-box;
  display: -webkit-flex;
  display: -ms-flexbox;
  display: flex;
  box-sizing: border-box;
  min-height: 50px;
  border-width: 1px 0;
  border-style: solid;
  border-color: rgba(56,171,223,0.5);
  background-color: rgba(56,171,223,0.1);
}

.emotion-1 {
  display: -webkit-box;
  display: -webkit-flex;
  display: -ms-flexbox;
  display: flex;
  -webkit-box-flex: 0;
  -webkit-flex-grow: 0;
  -ms-flex-positive: 0;
  flex-grow: 0;
  -webkit-flex-shrink: 0;
  -ms-flex-negative: 0;
  flex-shrink: 0;
  -webkit-align-items: center;
  -webkit-box-align: center;
  -ms-flex-align: center;
  align-items: center;
  -webkit-box-pack: center;
  -webkit-justify-content: center;
  -ms-flex-pack: center;
  justify-content: center;
  width: 50px;
  min-height: 50px;
  margin: 0;
  background-color: #38abdf;
}

.emotion-1 svg * {
  fill: white;
}

.emotion-0 {
  fill: #808080;
}

.emotion-0 > * {
  fill: #808080;
}

.emotion-4 {
  display: -webkit-box;
  display: -webkit-flex;
  display: -ms-flexbox;
  display: flex;
  -webkit-box-flex: 1;
  -webkit-flex-grow: 1;
  -ms-flex-positive: 1;
  flex-grow: 1;
  -webkit-flex-shrink: 1;
  -ms-flex-negative: 1;
  flex-shrink: 1;
  -webkit-align-items: flex-start;
  -webkit-box-align: flex-start;
  -ms-flex-align: flex-start;
  align-items: flex-start;
  -webkit-box-pack: justify;
  -webkit-justify-content: space-between;
  -ms-flex-pack: justify;
  justify-content: space-between;
  margin: calc((50px - 20px) / 2) 0 0 16px;
  overflow: hidden;
  -webkit-flex-direction: column;
  -ms-flex-direction: column;
  flex-direction: column;
}

.emotion-3 {
  min-width: 200px;
  max-width: 900px;
  padding-bottom: calc((50px - 20px) / 2);
  margin: 0 auto 0 0;
  text-align: left;
}

.emotion-2 {
  color: #3c3c3c;
  display: block;
  font-family: ArtifaktElement,sans-serif;
  font-size: 14px;
  font-weight: 400;
  line-height: 1.428571429;
  margin: 0;
  text-align: initial;
}

.emotion-6 {
  display: -webkit-box;
  display: -webkit-flex;
  display: -ms-flexbox;
  display: flex;
  -webkit-align-items: center;
  -webkit-box-align: center;
  -ms-flex-align: center;
  align-items: center;
  -webkit-box-flex: 0;
  -webkit-flex-grow: 0;
  -ms-flex-positive: 0;
  flex-grow: 0;
  -webkit-flex-shrink: 0;
  -ms-flex-negative: 0;
  flex-shrink: 0;
  padding-right: calc(50px - calc((36px - 10px) / 2));
}

.emotion-6 svg {
  cursor: pointer;
}

.emotion-6 svg * {
  fill: #808080;
}

.emotion-6:hover svg * {
  fill: #0696d7;
}

<div
  aria-busy={false}
  aria-expanded={true}
  onTransitionEnd={[Function]}
  style={
    Object {
      "height": "",
      "overflow": "",
      "transition": "",
    }
  }
>
  <div
    style={
      Object {
        "transform": "",
        "transition": "",
      }
    }
  >
    <div
      className="emotion-8"
    >
      <div
        aria-live="polite"
        className="emotion-7"
        role="alert"
      >
        <figure
          className="emotion-1"
        >
          <svg
            className="emotion-0"
            height="24px"
            viewBox="0 0 24 24"
            width="24px"
            xmlns="http://www.w3.org/2000/svg"
          >
            <title>
              info-24
            </title>
            <path
              d="M12 2a10 10 0 1 0 10 10A10 10 0 0 0 12 2zm0 19a9 9 0 1 1 9-9 9 9 0 0 1-9 9z"
            />
            <path
              d="M11 11h2v6h-2z"
            />
            <circle
              cx="12"
              cy="8"
              r="1.25"
            />
          </svg>
        </figure>
        <div
          className="emotion-4"
        >
          <div
            className="emotion-3"
          >
            <p
              className="emotion-2"
            >
              Message
            </p>
          </div>
        </div>
        <div
          className="emotion-6"
        >
          <svg
            className="emotion-0"
            height="24px"
            onClick={undefined}
            viewBox="0 0 24 24"
            width="24px"
            xmlns="http://www.w3.org/2000/svg"
          >
            <title>
              hig-icons/common/24/close-24
            </title>
            <path
              d="M12 12.68l-7.61 7.61-.68-.68L11.32 12 3.71 4.38l.68-.67L12 11.32l7.61-7.61.68.67L12.68 12l7.61 7.61-.68.68z"
            />
          </svg>
        </div>
      </div>
    </div>
  </div>
</div>
`;
