// Jest Snapshot v1, https://goo.gl/fbAQLP

exports[`side-nav/SideNavSkeleton snapshot tests renders with no props 1`] = `
.emotion-0 {
  background-color: rgba(0,0,0,0.06);
  border-radius: 2px;
  height: 16px;
  overflow: hidden;
  position: relative;
  margin-bottom: 48px;
  max-width: 180px;
}

.emotion-0:after {
  -webkit-animation: 3s ease-in infinite shine;
  animation: 3s ease-in infinite shine;
  background-image: linear-gradient(135deg,transparent 0%,transparent 40%,rgba(255,255,255,0.3) 50%,transparent 60%,transparent 100%);
  bottom: 0;
  content: "";
  left: 0;
  position: absolute;
  top: 0;
  width: 300px;
}

@-webkit-keyframes shine {
  from {
    -webkit-transform: translateX(-100%);
    -ms-transform: translateX(-100%);
    transform: translateX(-100%);
  }

  60% {
    -webkit-transform: translateX(100%);
    -ms-transform: translateX(100%);
    transform: translateX(100%);
  }

  to {
    -webkit-transform: translateX(100%);
    -ms-transform: translateX(100%);
    transform: translateX(100%);
  }
}

@keyframes shine {
  from {
    -webkit-transform: translateX(-100%);
    -ms-transform: translateX(-100%);
    transform: translateX(-100%);
  }

  60% {
    -webkit-transform: translateX(100%);
    -ms-transform: translateX(100%);
    transform: translateX(100%);
  }

  to {
    -webkit-transform: translateX(100%);
    -ms-transform: translateX(100%);
    transform: translateX(100%);
  }
}

.emotion-1 {
  background-color: rgba(0,0,0,0.06);
  border-radius: 2px;
  height: 16px;
  overflow: hidden;
  position: relative;
  margin-bottom: 24px;
  max-width: 180px;
}

.emotion-1:after {
  -webkit-animation: 3s ease-in infinite shine;
  animation: 3s ease-in infinite shine;
  background-image: linear-gradient(135deg,transparent 0%,transparent 40%,rgba(255,255,255,0.3) 50%,transparent 60%,transparent 100%);
  bottom: 0;
  content: "";
  left: 0;
  position: absolute;
  top: 0;
  width: 300px;
}

@-webkit-keyframes shine {
  from {
    -webkit-transform: translateX(-100%);
    -ms-transform: translateX(-100%);
    transform: translateX(-100%);
  }

  60% {
    -webkit-transform: translateX(100%);
    -ms-transform: translateX(100%);
    transform: translateX(100%);
  }

  to {
    -webkit-transform: translateX(100%);
    -ms-transform: translateX(100%);
    transform: translateX(100%);
  }
}

@keyframes shine {
  from {
    -webkit-transform: translateX(-100%);
    -ms-transform: translateX(-100%);
    transform: translateX(-100%);
  }

  60% {
    -webkit-transform: translateX(100%);
    -ms-transform: translateX(100%);
    transform: translateX(100%);
  }

  to {
    -webkit-transform: translateX(100%);
    -ms-transform: translateX(100%);
    transform: translateX(100%);
  }
}

.emotion-3 {
  background-color: rgba(0,0,0,0.06);
  border-radius: 2px;
  height: 16px;
  overflow: hidden;
  position: relative;
  margin-bottom: 48px;
  max-width: 124px;
}

.emotion-3:after {
  -webkit-animation: 3s ease-in infinite shine;
  animation: 3s ease-in infinite shine;
  background-image: linear-gradient(135deg,transparent 0%,transparent 40%,rgba(255,255,255,0.3) 50%,transparent 60%,transparent 100%);
  bottom: 0;
  content: "";
  left: 0;
  position: absolute;
  top: 0;
  width: 300px;
}

@-webkit-keyframes shine {
  from {
    -webkit-transform: translateX(-100%);
    -ms-transform: translateX(-100%);
    transform: translateX(-100%);
  }

  60% {
    -webkit-transform: translateX(100%);
    -ms-transform: translateX(100%);
    transform: translateX(100%);
  }

  to {
    -webkit-transform: translateX(100%);
    -ms-transform: translateX(100%);
    transform: translateX(100%);
  }
}

@keyframes shine {
  from {
    -webkit-transform: translateX(-100%);
    -ms-transform: translateX(-100%);
    transform: translateX(-100%);
  }

  60% {
    -webkit-transform: translateX(100%);
    -ms-transform: translateX(100%);
    transform: translateX(100%);
  }

  to {
    -webkit-transform: translateX(100%);
    -ms-transform: translateX(100%);
    transform: translateX(100%);
  }
}

.emotion-8 {
  background-color: rgba(0,0,0,0.06);
  border-radius: 2px;
  height: 16px;
  overflow: hidden;
  position: relative;
  max-width: 124px;
}

.emotion-8:after {
  -webkit-animation: 3s ease-in infinite shine;
  animation: 3s ease-in infinite shine;
  background-image: linear-gradient(135deg,transparent 0%,transparent 40%,rgba(255,255,255,0.3) 50%,transparent 60%,transparent 100%);
  bottom: 0;
  content: "";
  left: 0;
  position: absolute;
  top: 0;
  width: 300px;
}

@-webkit-keyframes shine {
  from {
    -webkit-transform: translateX(-100%);
    -ms-transform: translateX(-100%);
    transform: translateX(-100%);
  }

  60% {
    -webkit-transform: translateX(100%);
    -ms-transform: translateX(100%);
    transform: translateX(100%);
  }

  to {
    -webkit-transform: translateX(100%);
    -ms-transform: translateX(100%);
    transform: translateX(100%);
  }
}

@keyframes shine {
  from {
    -webkit-transform: translateX(-100%);
    -ms-transform: translateX(-100%);
    transform: translateX(-100%);
  }

  60% {
    -webkit-transform: translateX(100%);
    -ms-transform: translateX(100%);
    transform: translateX(100%);
  }

  to {
    -webkit-transform: translateX(100%);
    -ms-transform: translateX(100%);
    transform: translateX(100%);
  }
}

<div
  className="hig__side-nav-skeleton hig--light-theme"
>
  <div
    className="hig__skeleton-itemV1 emotion-0"
  />
  <div
    className="hig__skeleton-itemV1 emotion-1"
  />
  <div
    className="hig__skeleton-itemV1 emotion-1"
  />
  <div
    className="hig__skeleton-itemV1 emotion-3"
  />
  <div
    className="hig__skeleton-itemV1 emotion-1"
  />
  <div
    className="hig__skeleton-itemV1 emotion-1"
  />
  <div
    className="hig__skeleton-itemV1 emotion-1"
  />
  <div
    className="hig__skeleton-itemV1 emotion-1"
  />
  <div
    className="hig__skeleton-itemV1 emotion-8"
  />
</div>
`;
