// Jest Snapshot v1, https://goo.gl/fbAQLP

exports[`<IconButtonAdapter> renders the disabled icon button 1`] = `
"<a href=\\"http://example.com\\" tabindex=\\"-1\\" class=\\"hig__icon-button hig__icon-button--disabled\\" title=\\"icon button\\">
    <div class=\\"hig__icon-button__icon\\"><div class=\\"hig__icon\\"><svg xmlns=\\"http://www.w3.org/2000/svg\\" width=\\"24\\" height=\\"24\\" viewBox=\\"0 0 24 24\\" role=\\"img\\" title=\\"settings\\"><title>settings-24</title><path d=\\"M21.94,10.85a1,1,0,0,0-.86-1l-1.74-.24-.47-1.13,1.06-1.4a1,1,0,0,0-.09-1.31L18.21,4.16a1,1,0,0,0-1.31-.08L15.51,5.14l-1.15-.48-.24-1.76a1,1,0,0,0-1-.86H10.84a1,1,0,0,0-1,.87L9.62,4.67,8.5,5.14,7.08,4.06a1,1,0,0,0-1.31.09L4.15,5.78a1,1,0,0,0-.08,1.31l1.07,1.4L4.66,9.63,2.9,9.87a1,1,0,0,0-.87,1v2.29a1,1,0,0,0,.86,1l1.77.24.47,1.11L4.05,16.91a1,1,0,0,0,.09,1.32l1.62,1.61a1,1,0,0,0,1.31.09l1.41-1.07,1.13.47.24,1.77a1,1,0,0,0,1,.86h2.29a1,1,0,0,0,1-.87l.23-1.74,1.14-.48,1.4,1.07a1,1,0,0,0,1.32-.09l1.61-1.62a1,1,0,0,0,.09-1.31l-1.06-1.39.48-1.15,1.75-.24a1,1,0,0,0,.86-1Zm-3.31,2.62-.92,2.2,1.41,1.85-1.61,1.62-1.86-1.42-2.21.92L13.13,21H10.84l-.32-2.33-2.18-.91L6.47,19.13,4.85,17.52l1.43-1.87-.91-2.18L3,13.15V10.86l2.33-.31.92-2.2L4.86,6.48,6.47,4.86,8.35,6.28l2.19-.91L10.84,3h2.29l.32,2.32,2.21.92,1.84-1.41,1.62,1.61L17.72,8.35l.92,2.19,2.31.31v2.29Z\\"></path><path d=\\"M12,8a4,4,0,1,0,4,4A4,4,0,0,0,12,8Zm0,7a3,3,0,1,1,3-3A3,3,0,0,1,12,15Z\\"></path></svg></div></div>
</a>"
`;

exports[`<IconButtonAdapter> renders the icon button with initial props 1`] = `
"<a href=\\"http://example.com\\" tabindex=\\"0\\" class=\\"hig__icon-button\\" title=\\"icon button\\">
    <div class=\\"hig__icon-button__icon\\"><div class=\\"hig__icon\\"><svg xmlns=\\"http://www.w3.org/2000/svg\\" width=\\"24\\" height=\\"24\\" viewBox=\\"0 0 24 24\\" role=\\"img\\" title=\\"settings\\"><title>settings-24</title><path d=\\"M21.94,10.85a1,1,0,0,0-.86-1l-1.74-.24-.47-1.13,1.06-1.4a1,1,0,0,0-.09-1.31L18.21,4.16a1,1,0,0,0-1.31-.08L15.51,5.14l-1.15-.48-.24-1.76a1,1,0,0,0-1-.86H10.84a1,1,0,0,0-1,.87L9.62,4.67,8.5,5.14,7.08,4.06a1,1,0,0,0-1.31.09L4.15,5.78a1,1,0,0,0-.08,1.31l1.07,1.4L4.66,9.63,2.9,9.87a1,1,0,0,0-.87,1v2.29a1,1,0,0,0,.86,1l1.77.24.47,1.11L4.05,16.91a1,1,0,0,0,.09,1.32l1.62,1.61a1,1,0,0,0,1.31.09l1.41-1.07,1.13.47.24,1.77a1,1,0,0,0,1,.86h2.29a1,1,0,0,0,1-.87l.23-1.74,1.14-.48,1.4,1.07a1,1,0,0,0,1.32-.09l1.61-1.62a1,1,0,0,0,.09-1.31l-1.06-1.39.48-1.15,1.75-.24a1,1,0,0,0,.86-1Zm-3.31,2.62-.92,2.2,1.41,1.85-1.61,1.62-1.86-1.42-2.21.92L13.13,21H10.84l-.32-2.33-2.18-.91L6.47,19.13,4.85,17.52l1.43-1.87-.91-2.18L3,13.15V10.86l2.33-.31.92-2.2L4.86,6.48,6.47,4.86,8.35,6.28l2.19-.91L10.84,3h2.29l.32,2.32,2.21.92,1.84-1.41,1.62,1.61L17.72,8.35l.92,2.19,2.31.31v2.29Z\\"></path><path d=\\"M12,8a4,4,0,1,0,4,4A4,4,0,0,0,12,8Zm0,7a3,3,0,1,1,3-3A3,3,0,0,1,12,15Z\\"></path></svg></div></div>
</a>"
`;

exports[`<IconButtonAdapter> renders the icon button with updated props 1`] = `
"<a href=\\"http://example.com\\" tabindex=\\"-1\\" class=\\"hig__icon-button hig__icon-button--disabled\\" title=\\"icon button\\">
    <div class=\\"hig__icon-button__icon\\"><div class=\\"hig__icon\\"><svg xmlns=\\"http://www.w3.org/2000/svg\\" width=\\"24\\" height=\\"24\\" viewBox=\\"0 0 24 24\\" role=\\"img\\" title=\\"assets\\"><title>assets-24</title><g fill=\\"#2e4258\\"><path d=\\"M7,18H3V3H13V6h1V3a1,1,0,0,0-1-1H3A1,1,0,0,0,2,3V18a1,1,0,0,0,1,1H7Z\\"></path><path d=\\"M21,8V21H9V8H21m0-1H9A1,1,0,0,0,8,8V21a1,1,0,0,0,1,1H21a1,1,0,0,0,1-1V8a1,1,0,0,0-1-1Z\\"></path><path d=\\"M19,16v3H11V16h8m1-1H10v5H20V15Z\\"></path><path d=\\"M10,9v5H20V9Zm9,4H16V12H14v1H11V10h8Z\\"></path><polygon points=\\"7 10 5 10 5 5 11 5 11 6 12 6 12 4 4 4 4 11 7 11 7 10\\"></polygon></g></svg></div></div>
</a>"
`;
