// Jest Snapshot v1, https://goo.gl/fbAQLP

exports[`radio-button/RadioButton integration renders correctly 1`] = `
<div
  className="hig__radio-button"
>
  <input
    checked={undefined}
    className="hig__radio-button__input"
    defaultChecked={undefined}
    disabled={false}
    id="radio-button-1"
    name="radiobutton"
    onBlur={undefined}
    onChange={undefined}
    onClick={undefined}
    onFocus={undefined}
    type="radio"
    value="value"
  />
  <span
    className="hig__radio-button__wrapper"
  >
    <span
      className="hig__radio-button__wrapper__button"
    />
    <span
      className="hig__radio-button__wrapper__button--disabled"
    />
  </span>
  <label
    className="hig__radio-button__label"
    htmlFor="radio-button-1"
  >
    HIG RadioButton
  </label>
</div>
`;
