// Jest Snapshot v1, https://goo.gl/fbAQLP

exports[`<SubNav> adds and removes tabs 1`] = `
"<div class=\\"hig__global-nav\\">
    <!--SIDENAV-->
    <div class=\\"hig__global-nav__container\\">
        <!--TOPNAV-->
        <div class=\\"hig__global-nav__sub-nav\\">
    <div class=\\"hig__global-nav__sub-nav__module-indicator\\">
        <div class=\\"hig__global-nav__sub-nav__module-indicator__icon\\"><div class=\\"hig__icon\\"><svg width=\\"16\\" height=\\"12\\" viewBox=\\"0 0 16 12\\" xmlns=\\"http://www.w3.org/2000/svg\\" role=\\"img\\" title=\\"hamburger\\"><g transform=\\"translate(-4 -6)\\" fill=\\"#353636\\" fill-rule=\\"evenodd\\"><rect x=\\"4\\" y=\\"6\\" width=\\"16\\" height=\\"2\\"></rect><rect x=\\"4\\" y=\\"11\\" width=\\"16\\" height=\\"2\\"></rect><rect x=\\"4\\" y=\\"16\\" width=\\"16\\" height=\\"2\\"></rect></g></svg></div></div>
        <div class=\\"hig__global-nav__sub-nav__module-indicator__name\\">Documents Library</div>
    </div>
    <div class=\\"hig__global-nav__sub-nav__tabs\\">
    <div class=\\"hig__global-nav__sub-nav__tabs__tab\\" title=\\"Things\\">Things</div><!--TAB-->
</div><!--TABS-->
    <div class=\\"hig__global-nav__sub-nav__module-indicator\\">
        <div class=\\"hig__global-nav__sub-nav__module-indicator__icon hig__global-nav__sub-nav__spacer\\"><div class=\\"hig__icon\\"><svg width=\\"16\\" height=\\"12\\" viewBox=\\"0 0 16 12\\" xmlns=\\"http://www.w3.org/2000/svg\\" role=\\"img\\" title=\\"hamburger\\"><g transform=\\"translate(-4 -6)\\" fill=\\"#353636\\" fill-rule=\\"evenodd\\"><rect x=\\"4\\" y=\\"6\\" width=\\"16\\" height=\\"2\\"></rect><rect x=\\"4\\" y=\\"11\\" width=\\"16\\" height=\\"2\\"></rect><rect x=\\"4\\" y=\\"16\\" width=\\"16\\" height=\\"2\\"></rect></g></svg></div></div>
        <div class=\\"hig__global-nav__sub-nav__module-indicator__name hig__global-nav__sub-nav__spacer\\">Documents Library</div>
    </div>
</div><!--SUBNAV-->
        <div class=\\"hig__global-nav__slot\\">
            <!--SLOT-->
        </div>
    </div>
</div>"
`;

exports[`<SubNav> adds and removes tabs 2`] = `
"<div class=\\"hig__global-nav\\">
    <!--SIDENAV-->
    <div class=\\"hig__global-nav__container\\">
        <!--TOPNAV-->
        <div class=\\"hig__global-nav__sub-nav\\">
    <div class=\\"hig__global-nav__sub-nav__module-indicator\\">
        <div class=\\"hig__global-nav__sub-nav__module-indicator__icon\\"><div class=\\"hig__icon\\"><svg width=\\"16\\" height=\\"12\\" viewBox=\\"0 0 16 12\\" xmlns=\\"http://www.w3.org/2000/svg\\" role=\\"img\\" title=\\"hamburger\\"><g transform=\\"translate(-4 -6)\\" fill=\\"#353636\\" fill-rule=\\"evenodd\\"><rect x=\\"4\\" y=\\"6\\" width=\\"16\\" height=\\"2\\"></rect><rect x=\\"4\\" y=\\"11\\" width=\\"16\\" height=\\"2\\"></rect><rect x=\\"4\\" y=\\"16\\" width=\\"16\\" height=\\"2\\"></rect></g></svg></div></div>
        <div class=\\"hig__global-nav__sub-nav__module-indicator__name\\">Documents Library</div>
    </div>
    <!--TABS-->
    <div class=\\"hig__global-nav__sub-nav__module-indicator\\">
        <div class=\\"hig__global-nav__sub-nav__module-indicator__icon hig__global-nav__sub-nav__spacer\\"><div class=\\"hig__icon\\"><svg width=\\"16\\" height=\\"12\\" viewBox=\\"0 0 16 12\\" xmlns=\\"http://www.w3.org/2000/svg\\" role=\\"img\\" title=\\"hamburger\\"><g transform=\\"translate(-4 -6)\\" fill=\\"#353636\\" fill-rule=\\"evenodd\\"><rect x=\\"4\\" y=\\"6\\" width=\\"16\\" height=\\"2\\"></rect><rect x=\\"4\\" y=\\"11\\" width=\\"16\\" height=\\"2\\"></rect><rect x=\\"4\\" y=\\"16\\" width=\\"16\\" height=\\"2\\"></rect></g></svg></div></div>
        <div class=\\"hig__global-nav__sub-nav__module-indicator__name hig__global-nav__sub-nav__spacer\\">Documents Library</div>
    </div>
</div><!--SUBNAV-->
        <div class=\\"hig__global-nav__slot\\">
            <!--SLOT-->
        </div>
    </div>
</div>"
`;

exports[`<SubNav> renders with props 1`] = `
"<div class=\\"hig__global-nav\\">
    <!--SIDENAV-->
    <div class=\\"hig__global-nav__container\\">
        <!--TOPNAV-->
        <div class=\\"hig__global-nav__sub-nav\\">
    <div class=\\"hig__global-nav__sub-nav__module-indicator\\">
        <div class=\\"hig__global-nav__sub-nav__module-indicator__icon\\"><div class=\\"hig__icon\\"><svg width=\\"16\\" height=\\"12\\" viewBox=\\"0 0 16 12\\" xmlns=\\"http://www.w3.org/2000/svg\\" role=\\"img\\" title=\\"hamburger\\"><g transform=\\"translate(-4 -6)\\" fill=\\"#353636\\" fill-rule=\\"evenodd\\"><rect x=\\"4\\" y=\\"6\\" width=\\"16\\" height=\\"2\\"></rect><rect x=\\"4\\" y=\\"11\\" width=\\"16\\" height=\\"2\\"></rect><rect x=\\"4\\" y=\\"16\\" width=\\"16\\" height=\\"2\\"></rect></g></svg></div></div>
        <div class=\\"hig__global-nav__sub-nav__module-indicator__name\\">Documents Library</div>
    </div>
    <!--TABS-->
    <div class=\\"hig__global-nav__sub-nav__module-indicator\\">
        <div class=\\"hig__global-nav__sub-nav__module-indicator__icon hig__global-nav__sub-nav__spacer\\"><div class=\\"hig__icon\\"><svg width=\\"16\\" height=\\"12\\" viewBox=\\"0 0 16 12\\" xmlns=\\"http://www.w3.org/2000/svg\\" role=\\"img\\" title=\\"hamburger\\"><g transform=\\"translate(-4 -6)\\" fill=\\"#353636\\" fill-rule=\\"evenodd\\"><rect x=\\"4\\" y=\\"6\\" width=\\"16\\" height=\\"2\\"></rect><rect x=\\"4\\" y=\\"11\\" width=\\"16\\" height=\\"2\\"></rect><rect x=\\"4\\" y=\\"16\\" width=\\"16\\" height=\\"2\\"></rect></g></svg></div></div>
        <div class=\\"hig__global-nav__sub-nav__module-indicator__name hig__global-nav__sub-nav__spacer\\">Documents Library</div>
    </div>
</div><!--SUBNAV-->
        <div class=\\"hig__global-nav__slot\\">
            <!--SLOT-->
        </div>
    </div>
</div>"
`;

exports[`<SubNav> updates props 1`] = `
"<div class=\\"hig__global-nav\\">
    <!--SIDENAV-->
    <div class=\\"hig__global-nav__container\\">
        <!--TOPNAV-->
        <div class=\\"hig__global-nav__sub-nav\\">
    <div class=\\"hig__global-nav__sub-nav__module-indicator\\">
        <div class=\\"hig__global-nav__sub-nav__module-indicator__icon\\"><div class=\\"hig__icon\\"><svg xmlns=\\"http://www.w3.org/2000/svg\\" width=\\"24\\" height=\\"24\\" viewBox=\\"0 0 24 24\\" role=\\"img\\" title=\\"project-management\\"><title>project-management-24</title><rect x=\\"5\\" y=\\"6\\" width=\\"10\\" height=\\"1\\" fill=\\"#f2f7fa\\"></rect><polygon points=\\"15 6 5 6 5 7 15 7 15 6 15 6\\" fill=\\"#2e4258\\"></polygon><rect x=\\"5\\" y=\\"9\\" width=\\"10\\" height=\\"1\\" fill=\\"#f2f7fa\\"></rect><polygon points=\\"15 9 5 9 5 10 15 10 15 9 15 9\\" fill=\\"#2e4258\\"></polygon><path d=\\"M16.5,11A5.5,5.5,0,1,0,22,16.5,5.5,5.5,0,0,0,16.5,11Zm0,10A4.5,4.5,0,1,1,21,16.5,4.51,4.51,0,0,1,16.5,21Z\\" fill=\\"#2e4258\\"></path><polygon points=\\"17 16 17 13 16 13 16 17 20 17 20 16 17 16\\" fill=\\"#2e4258\\"></polygon><path d=\\"M10.18,18H3V3H17v7a6.47,6.47,0,0,1,1,.16V3a1,1,0,0,0-1-1H3A1,1,0,0,0,2,3V18a1,1,0,0,0,1,1h7.5A6.45,6.45,0,0,1,10.18,18Z\\" fill=\\"#2e4258\\"></path><g><path d=\\"M11.82,12H5v1h6A6.52,6.52,0,0,1,11.82,12Z\\" fill=\\"#f2f7fa\\"></path><path d=\\"M11.82,12H5v1h6a6.52,6.52,0,0,1,.79-1Z\\" fill=\\"#2e4258\\"></path></g></svg></div></div>
        <div class=\\"hig__global-nav__sub-nav__module-indicator__name\\">Projects Library</div>
    </div>
    <!--TABS-->
    <div class=\\"hig__global-nav__sub-nav__module-indicator\\">
        <div class=\\"hig__global-nav__sub-nav__module-indicator__icon hig__global-nav__sub-nav__spacer\\"><div class=\\"hig__icon\\"><svg xmlns=\\"http://www.w3.org/2000/svg\\" width=\\"24\\" height=\\"24\\" viewBox=\\"0 0 24 24\\" role=\\"img\\" title=\\"project-management\\"><title>project-management-24</title><rect x=\\"5\\" y=\\"6\\" width=\\"10\\" height=\\"1\\" fill=\\"#f2f7fa\\"></rect><polygon points=\\"15 6 5 6 5 7 15 7 15 6 15 6\\" fill=\\"#2e4258\\"></polygon><rect x=\\"5\\" y=\\"9\\" width=\\"10\\" height=\\"1\\" fill=\\"#f2f7fa\\"></rect><polygon points=\\"15 9 5 9 5 10 15 10 15 9 15 9\\" fill=\\"#2e4258\\"></polygon><path d=\\"M16.5,11A5.5,5.5,0,1,0,22,16.5,5.5,5.5,0,0,0,16.5,11Zm0,10A4.5,4.5,0,1,1,21,16.5,4.51,4.51,0,0,1,16.5,21Z\\" fill=\\"#2e4258\\"></path><polygon points=\\"17 16 17 13 16 13 16 17 20 17 20 16 17 16\\" fill=\\"#2e4258\\"></polygon><path d=\\"M10.18,18H3V3H17v7a6.47,6.47,0,0,1,1,.16V3a1,1,0,0,0-1-1H3A1,1,0,0,0,2,3V18a1,1,0,0,0,1,1h7.5A6.45,6.45,0,0,1,10.18,18Z\\" fill=\\"#2e4258\\"></path><g><path d=\\"M11.82,12H5v1h6A6.52,6.52,0,0,1,11.82,12Z\\" fill=\\"#f2f7fa\\"></path><path d=\\"M11.82,12H5v1h6a6.52,6.52,0,0,1,.79-1Z\\" fill=\\"#2e4258\\"></path></g></svg></div></div>
        <div class=\\"hig__global-nav__sub-nav__module-indicator__name hig__global-nav__sub-nav__spacer\\">Projects Library</div>
    </div>
</div><!--SUBNAV-->
        <div class=\\"hig__global-nav__slot\\">
            <!--SLOT-->
        </div>
    </div>
</div>"
`;
