// Jest Snapshot v1, https://goo.gl/fbAQLP

exports[`<Group> children: <Module> can insert <Module> elements before and after another <Module> 1`] = `
"<div class=\\"hig__global-nav\\">
    <div class=\\"hig__global-nav__sidenav\\">
  <div class=\\"hig__global-nav__sidenav__scroll\\">
    <h3 class=\\"hig__global-nav__sidenav__super-header\\">
      <a class=\\"hig__global-nav__sidenav__super-header-link\\"></a>
    </h3>
    <h4 class=\\"hig__global-nav__sidenav__header\\">
      <a class=\\"hig__global-nav__sidenav__header-link\\"></a>
    </h4>
    <div class=\\"hig__global-nav__sidenav__groups\\">
      <div class=\\"hig__global-nav__side-nav__section__group\\">
    <div class=\\"hig__global-nav__side-nav__section__group__module\\">
  <div class=\\"hig__global-nav__side-nav__section__group__module__row\\">
    <a class=\\"hig__global-nav__side-nav__section__group__module__link\\" href=\\"#\\">
      <div class=\\"hig__global-nav__side-nav__section__group__module__link__icon\\"><div class=\\"hig__icon\\"><svg xmlns=\\"http://www.w3.org/2000/svg\\" width=\\"24\\" height=\\"24\\" viewBox=\\"0 0 24 24\\" role=\\"img\\" title=\\"project-management\\"><title>project-management-24</title><rect x=\\"5\\" y=\\"6\\" width=\\"10\\" height=\\"1\\" fill=\\"#f2f7fa\\"></rect><polygon points=\\"15 6 5 6 5 7 15 7 15 6 15 6\\" fill=\\"#2e4258\\"></polygon><rect x=\\"5\\" y=\\"9\\" width=\\"10\\" height=\\"1\\" fill=\\"#f2f7fa\\"></rect><polygon points=\\"15 9 5 9 5 10 15 10 15 9 15 9\\" fill=\\"#2e4258\\"></polygon><path d=\\"M16.5,11A5.5,5.5,0,1,0,22,16.5,5.5,5.5,0,0,0,16.5,11Zm0,10A4.5,4.5,0,1,1,21,16.5,4.51,4.51,0,0,1,16.5,21Z\\" fill=\\"#2e4258\\"></path><polygon points=\\"17 16 17 13 16 13 16 17 20 17 20 16 17 16\\" fill=\\"#2e4258\\"></polygon><path d=\\"M10.18,18H3V3H17v7a6.47,6.47,0,0,1,1,.16V3a1,1,0,0,0-1-1H3A1,1,0,0,0,2,3V18a1,1,0,0,0,1,1h7.5A6.45,6.45,0,0,1,10.18,18Z\\" fill=\\"#2e4258\\"></path><g><path d=\\"M11.82,12H5v1h6A6.52,6.52,0,0,1,11.82,12Z\\" fill=\\"#f2f7fa\\"></path><path d=\\"M11.82,12H5v1h6a6.52,6.52,0,0,1,.79-1Z\\" fill=\\"#2e4258\\"></path></g></svg></div></div>
      <div class=\\"hig__global-nav__side-nav__section__group__module__link__title\\">Module 2</div>
    </a>
    <!--MODULE-COLLAPSE-->
  </div>
  <div class=\\"hig__global-nav__side-nav__section__group__module__submodules \\">
    <!--SUBMODULE-->
  </div>
</div><!--MODULE-->
</div><!--GROUP-->
    </div>
    <!--SLOT-->
    <div class=\\"hig__global-nav__sidenav__links\\">
      <!--LINK-->
    </div>
    <div class=\\"hig__global-nav__sidenav__copyright\\">© 2017 Autodesk, Inc.</div>
  </div>
  <!--SEARCH-->
</div><!--SIDENAV-->
    <div class=\\"hig__global-nav__container\\">
        <!--TOPNAV-->
        <!--SUBNAV-->
        <div class=\\"hig__global-nav__slot\\">
            <!--SLOT-->
        </div>
    </div>
</div>"
`;

exports[`<Group> children: <Module> can insert <Module> elements before and after another <Module> 2`] = `
"<div class=\\"hig__global-nav\\">
    <div class=\\"hig__global-nav__sidenav\\">
  <div class=\\"hig__global-nav__sidenav__scroll\\">
    <h3 class=\\"hig__global-nav__sidenav__super-header\\">
      <a class=\\"hig__global-nav__sidenav__super-header-link\\"></a>
    </h3>
    <h4 class=\\"hig__global-nav__sidenav__header\\">
      <a class=\\"hig__global-nav__sidenav__header-link\\"></a>
    </h4>
    <div class=\\"hig__global-nav__sidenav__groups\\">
      <div class=\\"hig__global-nav__side-nav__section__group\\">
    <div class=\\"hig__global-nav__side-nav__section__group__module\\">
  <div class=\\"hig__global-nav__side-nav__section__group__module__row\\">
    <a class=\\"hig__global-nav__side-nav__section__group__module__link\\" href=\\"#\\">
      <div class=\\"hig__global-nav__side-nav__section__group__module__link__icon\\"><div class=\\"hig__icon\\"><svg xmlns=\\"http://www.w3.org/2000/svg\\" width=\\"24\\" height=\\"24\\" viewBox=\\"0 0 24 24\\" role=\\"img\\" title=\\"project-management\\"><title>project-management-24</title><rect x=\\"5\\" y=\\"6\\" width=\\"10\\" height=\\"1\\" fill=\\"#f2f7fa\\"></rect><polygon points=\\"15 6 5 6 5 7 15 7 15 6 15 6\\" fill=\\"#2e4258\\"></polygon><rect x=\\"5\\" y=\\"9\\" width=\\"10\\" height=\\"1\\" fill=\\"#f2f7fa\\"></rect><polygon points=\\"15 9 5 9 5 10 15 10 15 9 15 9\\" fill=\\"#2e4258\\"></polygon><path d=\\"M16.5,11A5.5,5.5,0,1,0,22,16.5,5.5,5.5,0,0,0,16.5,11Zm0,10A4.5,4.5,0,1,1,21,16.5,4.51,4.51,0,0,1,16.5,21Z\\" fill=\\"#2e4258\\"></path><polygon points=\\"17 16 17 13 16 13 16 17 20 17 20 16 17 16\\" fill=\\"#2e4258\\"></polygon><path d=\\"M10.18,18H3V3H17v7a6.47,6.47,0,0,1,1,.16V3a1,1,0,0,0-1-1H3A1,1,0,0,0,2,3V18a1,1,0,0,0,1,1h7.5A6.45,6.45,0,0,1,10.18,18Z\\" fill=\\"#2e4258\\"></path><g><path d=\\"M11.82,12H5v1h6A6.52,6.52,0,0,1,11.82,12Z\\" fill=\\"#f2f7fa\\"></path><path d=\\"M11.82,12H5v1h6a6.52,6.52,0,0,1,.79-1Z\\" fill=\\"#2e4258\\"></path></g></svg></div></div>
      <div class=\\"hig__global-nav__side-nav__section__group__module__link__title\\">Module 1</div>
    </a>
    <!--MODULE-COLLAPSE-->
  </div>
  <div class=\\"hig__global-nav__side-nav__section__group__module__submodules \\">
    <!--SUBMODULE-->
  </div>
</div><div class=\\"hig__global-nav__side-nav__section__group__module\\">
  <div class=\\"hig__global-nav__side-nav__section__group__module__row\\">
    <a class=\\"hig__global-nav__side-nav__section__group__module__link\\" href=\\"#\\">
      <div class=\\"hig__global-nav__side-nav__section__group__module__link__icon\\"><div class=\\"hig__icon\\"><svg xmlns=\\"http://www.w3.org/2000/svg\\" width=\\"24\\" height=\\"24\\" viewBox=\\"0 0 24 24\\" role=\\"img\\" title=\\"project-management\\"><title>project-management-24</title><rect x=\\"5\\" y=\\"6\\" width=\\"10\\" height=\\"1\\" fill=\\"#f2f7fa\\"></rect><polygon points=\\"15 6 5 6 5 7 15 7 15 6 15 6\\" fill=\\"#2e4258\\"></polygon><rect x=\\"5\\" y=\\"9\\" width=\\"10\\" height=\\"1\\" fill=\\"#f2f7fa\\"></rect><polygon points=\\"15 9 5 9 5 10 15 10 15 9 15 9\\" fill=\\"#2e4258\\"></polygon><path d=\\"M16.5,11A5.5,5.5,0,1,0,22,16.5,5.5,5.5,0,0,0,16.5,11Zm0,10A4.5,4.5,0,1,1,21,16.5,4.51,4.51,0,0,1,16.5,21Z\\" fill=\\"#2e4258\\"></path><polygon points=\\"17 16 17 13 16 13 16 17 20 17 20 16 17 16\\" fill=\\"#2e4258\\"></polygon><path d=\\"M10.18,18H3V3H17v7a6.47,6.47,0,0,1,1,.16V3a1,1,0,0,0-1-1H3A1,1,0,0,0,2,3V18a1,1,0,0,0,1,1h7.5A6.45,6.45,0,0,1,10.18,18Z\\" fill=\\"#2e4258\\"></path><g><path d=\\"M11.82,12H5v1h6A6.52,6.52,0,0,1,11.82,12Z\\" fill=\\"#f2f7fa\\"></path><path d=\\"M11.82,12H5v1h6a6.52,6.52,0,0,1,.79-1Z\\" fill=\\"#2e4258\\"></path></g></svg></div></div>
      <div class=\\"hig__global-nav__side-nav__section__group__module__link__title\\">Module 2</div>
    </a>
    <!--MODULE-COLLAPSE-->
  </div>
  <div class=\\"hig__global-nav__side-nav__section__group__module__submodules \\">
    <!--SUBMODULE-->
  </div>
</div><!--MODULE-->
</div><!--GROUP-->
    </div>
    <!--SLOT-->
    <div class=\\"hig__global-nav__sidenav__links\\">
      <!--LINK-->
    </div>
    <div class=\\"hig__global-nav__sidenav__copyright\\">© 2017 Autodesk, Inc.</div>
  </div>
  <!--SEARCH-->
</div><!--SIDENAV-->
    <div class=\\"hig__global-nav__container\\">
        <!--TOPNAV-->
        <!--SUBNAV-->
        <div class=\\"hig__global-nav__slot\\">
            <!--SLOT-->
        </div>
    </div>
</div>"
`;

exports[`<Group> children: <Module> can insert <Module> elements before and after another <Module> 3`] = `
"<div class=\\"hig__global-nav\\">
    <div class=\\"hig__global-nav__sidenav\\">
  <div class=\\"hig__global-nav__sidenav__scroll\\">
    <h3 class=\\"hig__global-nav__sidenav__super-header\\">
      <a class=\\"hig__global-nav__sidenav__super-header-link\\"></a>
    </h3>
    <h4 class=\\"hig__global-nav__sidenav__header\\">
      <a class=\\"hig__global-nav__sidenav__header-link\\"></a>
    </h4>
    <div class=\\"hig__global-nav__sidenav__groups\\">
      <div class=\\"hig__global-nav__side-nav__section__group\\">
    <div class=\\"hig__global-nav__side-nav__section__group__module\\">
  <div class=\\"hig__global-nav__side-nav__section__group__module__row\\">
    <a class=\\"hig__global-nav__side-nav__section__group__module__link\\" href=\\"#\\">
      <div class=\\"hig__global-nav__side-nav__section__group__module__link__icon\\"><div class=\\"hig__icon\\"><svg xmlns=\\"http://www.w3.org/2000/svg\\" width=\\"24\\" height=\\"24\\" viewBox=\\"0 0 24 24\\" role=\\"img\\" title=\\"project-management\\"><title>project-management-24</title><rect x=\\"5\\" y=\\"6\\" width=\\"10\\" height=\\"1\\" fill=\\"#f2f7fa\\"></rect><polygon points=\\"15 6 5 6 5 7 15 7 15 6 15 6\\" fill=\\"#2e4258\\"></polygon><rect x=\\"5\\" y=\\"9\\" width=\\"10\\" height=\\"1\\" fill=\\"#f2f7fa\\"></rect><polygon points=\\"15 9 5 9 5 10 15 10 15 9 15 9\\" fill=\\"#2e4258\\"></polygon><path d=\\"M16.5,11A5.5,5.5,0,1,0,22,16.5,5.5,5.5,0,0,0,16.5,11Zm0,10A4.5,4.5,0,1,1,21,16.5,4.51,4.51,0,0,1,16.5,21Z\\" fill=\\"#2e4258\\"></path><polygon points=\\"17 16 17 13 16 13 16 17 20 17 20 16 17 16\\" fill=\\"#2e4258\\"></polygon><path d=\\"M10.18,18H3V3H17v7a6.47,6.47,0,0,1,1,.16V3a1,1,0,0,0-1-1H3A1,1,0,0,0,2,3V18a1,1,0,0,0,1,1h7.5A6.45,6.45,0,0,1,10.18,18Z\\" fill=\\"#2e4258\\"></path><g><path d=\\"M11.82,12H5v1h6A6.52,6.52,0,0,1,11.82,12Z\\" fill=\\"#f2f7fa\\"></path><path d=\\"M11.82,12H5v1h6a6.52,6.52,0,0,1,.79-1Z\\" fill=\\"#2e4258\\"></path></g></svg></div></div>
      <div class=\\"hig__global-nav__side-nav__section__group__module__link__title\\">Module 2</div>
    </a>
    <!--MODULE-COLLAPSE-->
  </div>
  <div class=\\"hig__global-nav__side-nav__section__group__module__submodules \\">
    <!--SUBMODULE-->
  </div>
</div><!--MODULE-->
</div><!--GROUP-->
    </div>
    <!--SLOT-->
    <div class=\\"hig__global-nav__sidenav__links\\">
      <!--LINK-->
    </div>
    <div class=\\"hig__global-nav__sidenav__copyright\\">© 2017 Autodesk, Inc.</div>
  </div>
  <!--SEARCH-->
</div><!--SIDENAV-->
    <div class=\\"hig__global-nav__container\\">
        <!--TOPNAV-->
        <!--SUBNAV-->
        <div class=\\"hig__global-nav__slot\\">
            <!--SLOT-->
        </div>
    </div>
</div>"
`;

exports[`<Group> children: <Module> can insert <Module> elements before and after another <Module> 4`] = `
"<div class=\\"hig__global-nav\\">
    <div class=\\"hig__global-nav__sidenav\\">
  <div class=\\"hig__global-nav__sidenav__scroll\\">
    <h3 class=\\"hig__global-nav__sidenav__super-header\\">
      <a class=\\"hig__global-nav__sidenav__super-header-link\\"></a>
    </h3>
    <h4 class=\\"hig__global-nav__sidenav__header\\">
      <a class=\\"hig__global-nav__sidenav__header-link\\"></a>
    </h4>
    <div class=\\"hig__global-nav__sidenav__groups\\">
      <div class=\\"hig__global-nav__side-nav__section__group\\">
    <div class=\\"hig__global-nav__side-nav__section__group__module\\">
  <div class=\\"hig__global-nav__side-nav__section__group__module__row\\">
    <a class=\\"hig__global-nav__side-nav__section__group__module__link\\" href=\\"#\\">
      <div class=\\"hig__global-nav__side-nav__section__group__module__link__icon\\"><div class=\\"hig__icon\\"><svg xmlns=\\"http://www.w3.org/2000/svg\\" width=\\"24\\" height=\\"24\\" viewBox=\\"0 0 24 24\\" role=\\"img\\" title=\\"project-management\\"><title>project-management-24</title><rect x=\\"5\\" y=\\"6\\" width=\\"10\\" height=\\"1\\" fill=\\"#f2f7fa\\"></rect><polygon points=\\"15 6 5 6 5 7 15 7 15 6 15 6\\" fill=\\"#2e4258\\"></polygon><rect x=\\"5\\" y=\\"9\\" width=\\"10\\" height=\\"1\\" fill=\\"#f2f7fa\\"></rect><polygon points=\\"15 9 5 9 5 10 15 10 15 9 15 9\\" fill=\\"#2e4258\\"></polygon><path d=\\"M16.5,11A5.5,5.5,0,1,0,22,16.5,5.5,5.5,0,0,0,16.5,11Zm0,10A4.5,4.5,0,1,1,21,16.5,4.51,4.51,0,0,1,16.5,21Z\\" fill=\\"#2e4258\\"></path><polygon points=\\"17 16 17 13 16 13 16 17 20 17 20 16 17 16\\" fill=\\"#2e4258\\"></polygon><path d=\\"M10.18,18H3V3H17v7a6.47,6.47,0,0,1,1,.16V3a1,1,0,0,0-1-1H3A1,1,0,0,0,2,3V18a1,1,0,0,0,1,1h7.5A6.45,6.45,0,0,1,10.18,18Z\\" fill=\\"#2e4258\\"></path><g><path d=\\"M11.82,12H5v1h6A6.52,6.52,0,0,1,11.82,12Z\\" fill=\\"#f2f7fa\\"></path><path d=\\"M11.82,12H5v1h6a6.52,6.52,0,0,1,.79-1Z\\" fill=\\"#2e4258\\"></path></g></svg></div></div>
      <div class=\\"hig__global-nav__side-nav__section__group__module__link__title\\">Module 2</div>
    </a>
    <!--MODULE-COLLAPSE-->
  </div>
  <div class=\\"hig__global-nav__side-nav__section__group__module__submodules \\">
    <!--SUBMODULE-->
  </div>
</div><div class=\\"hig__global-nav__side-nav__section__group__module\\">
  <div class=\\"hig__global-nav__side-nav__section__group__module__row\\">
    <a class=\\"hig__global-nav__side-nav__section__group__module__link\\" href=\\"#\\">
      <div class=\\"hig__global-nav__side-nav__section__group__module__link__icon\\"><div class=\\"hig__icon\\"><svg xmlns=\\"http://www.w3.org/2000/svg\\" width=\\"24\\" height=\\"24\\" viewBox=\\"0 0 24 24\\" role=\\"img\\" title=\\"assets\\"><title>assets-24</title><g fill=\\"#2e4258\\"><path d=\\"M7,18H3V3H13V6h1V3a1,1,0,0,0-1-1H3A1,1,0,0,0,2,3V18a1,1,0,0,0,1,1H7Z\\"></path><path d=\\"M21,8V21H9V8H21m0-1H9A1,1,0,0,0,8,8V21a1,1,0,0,0,1,1H21a1,1,0,0,0,1-1V8a1,1,0,0,0-1-1Z\\"></path><path d=\\"M19,16v3H11V16h8m1-1H10v5H20V15Z\\"></path><path d=\\"M10,9v5H20V9Zm9,4H16V12H14v1H11V10h8Z\\"></path><polygon points=\\"7 10 5 10 5 5 11 5 11 6 12 6 12 4 4 4 4 11 7 11 7 10\\"></polygon></g></svg></div></div>
      <div class=\\"hig__global-nav__side-nav__section__group__module__link__title\\">title</div>
    </a>
    <!--MODULE-COLLAPSE-->
  </div>
  <div class=\\"hig__global-nav__side-nav__section__group__module__submodules \\">
    <!--SUBMODULE-->
  </div>
</div><!--MODULE-->
</div><!--GROUP-->
    </div>
    <!--SLOT-->
    <div class=\\"hig__global-nav__sidenav__links\\">
      <!--LINK-->
    </div>
    <div class=\\"hig__global-nav__sidenav__copyright\\">© 2017 Autodesk, Inc.</div>
  </div>
  <!--SEARCH-->
</div><!--SIDENAV-->
    <div class=\\"hig__global-nav__container\\">
        <!--TOPNAV-->
        <!--SUBNAV-->
        <div class=\\"hig__global-nav__slot\\">
            <!--SLOT-->
        </div>
    </div>
</div>"
`;

exports[`<Group> children: <Module> can insert <Module> elements before and after another <Module> 5`] = `
"<div class=\\"hig__global-nav\\">
    <div class=\\"hig__global-nav__sidenav\\">
  <div class=\\"hig__global-nav__sidenav__scroll\\">
    <h3 class=\\"hig__global-nav__sidenav__super-header\\">
      <a class=\\"hig__global-nav__sidenav__super-header-link\\"></a>
    </h3>
    <h4 class=\\"hig__global-nav__sidenav__header\\">
      <a class=\\"hig__global-nav__sidenav__header-link\\"></a>
    </h4>
    <div class=\\"hig__global-nav__sidenav__groups\\">
      <div class=\\"hig__global-nav__side-nav__section__group\\">
    <div class=\\"hig__global-nav__side-nav__section__group__module\\">
  <div class=\\"hig__global-nav__side-nav__section__group__module__row\\">
    <a class=\\"hig__global-nav__side-nav__section__group__module__link\\" href=\\"#\\">
      <div class=\\"hig__global-nav__side-nav__section__group__module__link__icon\\"><div class=\\"hig__icon\\"><svg xmlns=\\"http://www.w3.org/2000/svg\\" width=\\"24\\" height=\\"24\\" viewBox=\\"0 0 24 24\\" role=\\"img\\" title=\\"project-management\\"><title>project-management-24</title><rect x=\\"5\\" y=\\"6\\" width=\\"10\\" height=\\"1\\" fill=\\"#f2f7fa\\"></rect><polygon points=\\"15 6 5 6 5 7 15 7 15 6 15 6\\" fill=\\"#2e4258\\"></polygon><rect x=\\"5\\" y=\\"9\\" width=\\"10\\" height=\\"1\\" fill=\\"#f2f7fa\\"></rect><polygon points=\\"15 9 5 9 5 10 15 10 15 9 15 9\\" fill=\\"#2e4258\\"></polygon><path d=\\"M16.5,11A5.5,5.5,0,1,0,22,16.5,5.5,5.5,0,0,0,16.5,11Zm0,10A4.5,4.5,0,1,1,21,16.5,4.51,4.51,0,0,1,16.5,21Z\\" fill=\\"#2e4258\\"></path><polygon points=\\"17 16 17 13 16 13 16 17 20 17 20 16 17 16\\" fill=\\"#2e4258\\"></polygon><path d=\\"M10.18,18H3V3H17v7a6.47,6.47,0,0,1,1,.16V3a1,1,0,0,0-1-1H3A1,1,0,0,0,2,3V18a1,1,0,0,0,1,1h7.5A6.45,6.45,0,0,1,10.18,18Z\\" fill=\\"#2e4258\\"></path><g><path d=\\"M11.82,12H5v1h6A6.52,6.52,0,0,1,11.82,12Z\\" fill=\\"#f2f7fa\\"></path><path d=\\"M11.82,12H5v1h6a6.52,6.52,0,0,1,.79-1Z\\" fill=\\"#2e4258\\"></path></g></svg></div></div>
      <div class=\\"hig__global-nav__side-nav__section__group__module__link__title\\">Module 2</div>
    </a>
    <!--MODULE-COLLAPSE-->
  </div>
  <div class=\\"hig__global-nav__side-nav__section__group__module__submodules \\">
    <!--SUBMODULE-->
  </div>
</div><!--MODULE-->
</div><!--GROUP-->
    </div>
    <!--SLOT-->
    <div class=\\"hig__global-nav__sidenav__links\\">
      <!--LINK-->
    </div>
    <div class=\\"hig__global-nav__sidenav__copyright\\">© 2017 Autodesk, Inc.</div>
  </div>
  <!--SEARCH-->
</div><!--SIDENAV-->
    <div class=\\"hig__global-nav__container\\">
        <!--TOPNAV-->
        <!--SUBNAV-->
        <div class=\\"hig__global-nav__slot\\">
            <!--SLOT-->
        </div>
    </div>
</div>"
`;

exports[`<Group> children: <Module> can render a list of <Module> elements 1`] = `
"<div class=\\"hig__global-nav\\">
    <div class=\\"hig__global-nav__sidenav\\">
  <div class=\\"hig__global-nav__sidenav__scroll\\">
    <h3 class=\\"hig__global-nav__sidenav__super-header\\">
      <a class=\\"hig__global-nav__sidenav__super-header-link\\"></a>
    </h3>
    <h4 class=\\"hig__global-nav__sidenav__header\\">
      <a class=\\"hig__global-nav__sidenav__header-link\\"></a>
    </h4>
    <div class=\\"hig__global-nav__sidenav__groups\\">
      <div class=\\"hig__global-nav__side-nav__section__group\\">
    <div class=\\"hig__global-nav__side-nav__section__group__module\\">
  <div class=\\"hig__global-nav__side-nav__section__group__module__row\\">
    <a class=\\"hig__global-nav__side-nav__section__group__module__link\\" href=\\"#\\">
      <div class=\\"hig__global-nav__side-nav__section__group__module__link__icon\\"><div class=\\"hig__icon\\"><svg xmlns=\\"http://www.w3.org/2000/svg\\" width=\\"24\\" height=\\"24\\" viewBox=\\"0 0 24 24\\" role=\\"img\\" title=\\"project-management\\"><title>project-management-24</title><rect x=\\"5\\" y=\\"6\\" width=\\"10\\" height=\\"1\\" fill=\\"#f2f7fa\\"></rect><polygon points=\\"15 6 5 6 5 7 15 7 15 6 15 6\\" fill=\\"#2e4258\\"></polygon><rect x=\\"5\\" y=\\"9\\" width=\\"10\\" height=\\"1\\" fill=\\"#f2f7fa\\"></rect><polygon points=\\"15 9 5 9 5 10 15 10 15 9 15 9\\" fill=\\"#2e4258\\"></polygon><path d=\\"M16.5,11A5.5,5.5,0,1,0,22,16.5,5.5,5.5,0,0,0,16.5,11Zm0,10A4.5,4.5,0,1,1,21,16.5,4.51,4.51,0,0,1,16.5,21Z\\" fill=\\"#2e4258\\"></path><polygon points=\\"17 16 17 13 16 13 16 17 20 17 20 16 17 16\\" fill=\\"#2e4258\\"></polygon><path d=\\"M10.18,18H3V3H17v7a6.47,6.47,0,0,1,1,.16V3a1,1,0,0,0-1-1H3A1,1,0,0,0,2,3V18a1,1,0,0,0,1,1h7.5A6.45,6.45,0,0,1,10.18,18Z\\" fill=\\"#2e4258\\"></path><g><path d=\\"M11.82,12H5v1h6A6.52,6.52,0,0,1,11.82,12Z\\" fill=\\"#f2f7fa\\"></path><path d=\\"M11.82,12H5v1h6a6.52,6.52,0,0,1,.79-1Z\\" fill=\\"#2e4258\\"></path></g></svg></div></div>
      <div class=\\"hig__global-nav__side-nav__section__group__module__link__title\\">Module 1</div>
    </a>
    <!--MODULE-COLLAPSE-->
  </div>
  <div class=\\"hig__global-nav__side-nav__section__group__module__submodules \\">
    <!--SUBMODULE-->
  </div>
</div><div class=\\"hig__global-nav__side-nav__section__group__module\\">
  <div class=\\"hig__global-nav__side-nav__section__group__module__row\\">
    <a class=\\"hig__global-nav__side-nav__section__group__module__link\\" href=\\"#\\">
      <div class=\\"hig__global-nav__side-nav__section__group__module__link__icon\\"><div class=\\"hig__icon\\"><svg xmlns=\\"http://www.w3.org/2000/svg\\" width=\\"24\\" height=\\"24\\" viewBox=\\"0 0 24 24\\" role=\\"img\\" title=\\"project-management\\"><title>project-management-24</title><rect x=\\"5\\" y=\\"6\\" width=\\"10\\" height=\\"1\\" fill=\\"#f2f7fa\\"></rect><polygon points=\\"15 6 5 6 5 7 15 7 15 6 15 6\\" fill=\\"#2e4258\\"></polygon><rect x=\\"5\\" y=\\"9\\" width=\\"10\\" height=\\"1\\" fill=\\"#f2f7fa\\"></rect><polygon points=\\"15 9 5 9 5 10 15 10 15 9 15 9\\" fill=\\"#2e4258\\"></polygon><path d=\\"M16.5,11A5.5,5.5,0,1,0,22,16.5,5.5,5.5,0,0,0,16.5,11Zm0,10A4.5,4.5,0,1,1,21,16.5,4.51,4.51,0,0,1,16.5,21Z\\" fill=\\"#2e4258\\"></path><polygon points=\\"17 16 17 13 16 13 16 17 20 17 20 16 17 16\\" fill=\\"#2e4258\\"></polygon><path d=\\"M10.18,18H3V3H17v7a6.47,6.47,0,0,1,1,.16V3a1,1,0,0,0-1-1H3A1,1,0,0,0,2,3V18a1,1,0,0,0,1,1h7.5A6.45,6.45,0,0,1,10.18,18Z\\" fill=\\"#2e4258\\"></path><g><path d=\\"M11.82,12H5v1h6A6.52,6.52,0,0,1,11.82,12Z\\" fill=\\"#f2f7fa\\"></path><path d=\\"M11.82,12H5v1h6a6.52,6.52,0,0,1,.79-1Z\\" fill=\\"#2e4258\\"></path></g></svg></div></div>
      <div class=\\"hig__global-nav__side-nav__section__group__module__link__title\\">Module 2</div>
    </a>
    <!--MODULE-COLLAPSE-->
  </div>
  <div class=\\"hig__global-nav__side-nav__section__group__module__submodules \\">
    <!--SUBMODULE-->
  </div>
</div><!--MODULE-->
</div><!--GROUP-->
    </div>
    <!--SLOT-->
    <div class=\\"hig__global-nav__sidenav__links\\">
      <!--LINK-->
    </div>
    <div class=\\"hig__global-nav__sidenav__copyright\\">© 2017 Autodesk, Inc.</div>
  </div>
  <!--SEARCH-->
</div><!--SIDENAV-->
    <div class=\\"hig__global-nav__container\\">
        <!--TOPNAV-->
        <!--SUBNAV-->
        <div class=\\"hig__global-nav__slot\\">
            <!--SLOT-->
        </div>
    </div>
</div>"
`;
